--------------------------------------------------------------------------------------
Timing Analyzer Summary
--------------------------------------------------------------------------------------

Type           : Worst-case tsu
Slack          : N/A
Required Time  : None
Actual Time    : 10.470 ns
From           : p2_i[0]
To             : mc8051_core:i_mc8051_core|mc8051_control:i_mc8051_control|control_mem:i_control_mem|s_p2_i[0]
From Clock     : 
To Clock       : clk
Failed Paths   : 0

Type           : Worst-case tco
Slack          : N/A
Required Time  : None
Actual Time    : 8.192 ns
From           : mc8051_core:i_mc8051_core|mc8051_control:i_mc8051_control|control_mem:i_control_mem|p1_i[1]
To             : p1_o[1]
From Clock     : clk
To Clock       : 
Failed Paths   : 0

Type           : Worst-case th
Slack          : N/A
Required Time  : None
Actual Time    : -7.316 ns
From           : all_t1_i[0]
To             : mc8051_core:i_mc8051_core|mc8051_tmrctr:gen_mc8051_tmrctr_0_i_mc8051_tmrctr|s_t1ff0
From Clock     : 
To Clock       : clk
Failed Paths   : 0

Type           : Worst-case Minimum tco
Slack          : N/A
Required Time  : None
Actual Time    : 4.300 ns
From           : mc8051_core:i_mc8051_core|mc8051_control:i_mc8051_control|control_mem:i_control_mem|p2_i[6]
To             : p2_o[6]
From Clock     : clk
To Clock       : 
Failed Paths   : 0

Type           : Clock Setup: 'cyclonepll:i_cyclonepll|altpll_work_mc8051_top_struc_1:altpll_component|altpll:U1|_clk0'
Slack          : 1.350 ns
Required Time  : 15.63 MHz ( period = 64.000 ns )
Actual Time    : 16.31 MHz ( period = 61.300 ns )
From           : mc8051_datamux:i_mc8051_datamux|prog_data_o_3
To             : mc8051_core:i_mc8051_core|mc8051_control:i_mc8051_control|control_mem:i_control_mem|gprbit_7[6]
From Clock     : cyclonepll:i_cyclonepll|altpll_work_mc8051_top_struc_1:altpll_component|altpll:U1|_clk0
To Clock       : cyclonepll:i_cyclonepll|altpll_work_mc8051_top_struc_1:altpll_component|altpll:U1|_clk0
Failed Paths   : 0

Type           : Total number of failed paths
Slack          : 
Required Time  : 
Actual Time    : 
From           : 
To             : 
From Clock     : 
To Clock       : 
Failed Paths   : 0

--------------------------------------------------------------------------------------

